TK_IDENT("print")
TK_LPAREN("(")
TK_STRLIT("Hello, ntcalc!")
TK_RPAREN(")")
TK_EOL("")
TK_IDENT("println")
TK_LPAREN("(")
TK_RPAREN(")")
TK_EOL("")
TK_EOT("")
