TK_IDENT("x")
TK_EQ("=")
TK_INTLIT("2")
TK_EOL("")
TK_IDENT("y")
TK_EQ("=")
TK_IDENT("x")
TK_PLUS("+")
TK_INTLIT("100")
TK_EOL("")
TK_EOT("")
