v2.0 raw
E0020092
E0000090
E0010091
E0810002
E0800003
E12FFF1E
