v2.0 raw
E5902000
E5913000
E5812000
E5803000
E12FFF1E
