add4_c(1, 2, 3, 4) = 10
add4_s(1, 2, 3, 4) = 10
add4_c(-1, -2, 0, -3) = -6
add4_s(-1, -2, 0, -3) = -6
