min_c(1, 2) = 1
min_s(1, 2) = 1
min_c(100, 99) = 99
min_s(100, 99) = 99
