Error: Unexpected newline after 'foo'. Expected a ':'
