Error: Unexpected newline after 'b'. Expected operands
