find_max_c({1, 2, 5, 4, 3}, 5) = 5
find_max_s({1, 2, 5, 4, 3}, 5) = 5
find_max_c({-300, -200, -2, -1, 0, 100, 1, 2, 5, 4}, 10) = 100
find_max_s({-300, -200, -2, -1, 0, 100, 1, 2, 5, 4}, 10) = 100
