max3_c(1, 2, 3) = 3
max3_s(1, 2, 3) = 3
max3_c(1, 99, 3) = 99
max3_s(1, 99, 3) = 99
max3_c(1, -2, -3) = 1
max3_s(1, -2, -3) = 1
