EXPR OPER2 MULT
..EXPR OPER2 PLUS
....EXPR INTVAL 1
....EXPR INTVAL 2
..EXPR INTVAL 3
