EXPR OPER2 MULT
..EXPR INTVAL 2
..EXPR OPER2 PLUS
....EXPR INTVAL 3
....EXPR OPER2 PLUS
......EXPR INTVAL 1
......EXPR INTVAL 1
