EXPR OPER2 MULT
..EXPR INTVAL 4
..EXPR OPER2 DIV
....EXPR INTVAL 10
....EXPR INTVAL 5
