EXPR OPER2 PLUS
..EXPR OPER1 MINUS
....EXPR INTVAL 4
..EXPR OPER1 MINUS
....EXPR INTVAL 4
