C: 204 87 63 53 42 23 8 0
Assembly: 204 87 63 53 42 23 8 0
