v2.0 raw
e0810002
ea000000
e0821000
e0823001
e12fff1e
