v2.0 raw
e58d5000
e59d5000
e50d6004
e51d6004
e58d7008
e59d7008
e12fff1e
