v2.0 raw
e00c0090
e0010c91
e0020290
e0810002
e0800003
e12fff1e
