v2.0 raw
e1a01000
e5d12000
e3520000
0a000001
e2811001
eafffffa
e2411001
e1500001
aa000006
e5d02000
e5d13000
e5c12000
e5c03000
e2800001
e2411001
eafffff6
e12fff1e
