0000 0000 0000 0000 0000 0000 0000 1010 (base 2)
0b00000000000000000000000000001010 (base 2)
0x0000000A (base 16)
10 (base 10 unsigned)
10 (base 10 signed)
