1111 1111 1111 1111 1111 1111 1111 1111 (base 2)
0b11111111111111111111111111111111 (base 2)
0xFFFFFFFF (base 16)
4294967295 (base 10 unsigned)
-1 (base 10 signed)
