0111 1111 1111 1111 1111 1111 1111 1111 (base 2)
0b01111111111111111111111111111111 (base 2)
0x7FFFFFFF (base 16)
2147483647 (base 10 unsigned)
2147483647 (base 10 signed)
